<html>
<body>
<pre>
<h1>礦ision Build Log</h1>
<h2>Tool Versions:</h2>
IDE-Version: μVision V5.24.2.0
Copyright (C) 2017 ARM Ltd and ARM Germany GmbH. All rights reserved.
License Information: 1 1713297105@qq.com, 1, LIC=ATTQ1-CW03Q-2ZRW4-FYIQX-E8BHH-X5F8Q
 
Tool Versions:
Toolchain:       MDK-ARM Plus  Version: 5.24.1
Toolchain Path:  D:\keil\ARM\ARMCC\Bin
C Compiler:      Armcc.exe V5.06 update 5 (build 528)
Assembler:       Armasm.exe V5.06 update 5 (build 528)
Linker/Locator:  ArmLink.exe V5.06 update 5 (build 528)
Library Manager: ArmAr.exe V5.06 update 5 (build 528)
Hex Converter:   FromElf.exe V5.06 update 5 (build 528)
CPU DLL:         SARMCM3.DLL V5.24.1
Dialog DLL:      DARMCM1.DLL V1.18.0.0
Target DLL:      CMSIS_AGDI.dll V1.28.3.0
Dialog DLL:      TARMCM1.DLL V1.13.0.0
 
<h2>Project:</h2>
D:\Heil\Heil_Program\ALOT-NPL智能育种箱\project\MDK_ARMv5\project.uvprojx
Project File Date:  04/25/2024

<h2>Output:</h2>
*** Using Compiler 'V5.06 update 5 (build 528)', folder: 'D:\keil\ARM\ARMCC\Bin'
Rebuild target 'HT32'
compiling Soil.c...
assembling ht32_op.s...
compiling main.c...
..\Delay.h(8): warning:  #1-D: last line of file ends without a newline
  #endif
..\Control.h(12): warning:  #1-D: last line of file ends without a newline
  #endif
..\main.c: 2 warnings, 0 errors
compiling USART0.c...
..\Control.h(12): warning:  #1-D: last line of file ends without a newline
  #endif
..\USART0.c: 1 warning, 0 errors
compiling Liqiud.c...
..\Liqiud.c(11): warning:  #1-D: last line of file ends without a newline
  //	}
..\Liqiud.c: 1 warning, 0 errors
assembling startup_ht32f5xxxx_01.s...
compiling Delay.c...
..\Delay.c(15): warning:  #1-D: last line of file ends without a newline
  }
..\Delay.c: 1 warning, 0 errors
compiling USART1.c...
..\USART1.c(58): warning:  #177-D: variable "aaa"  was declared but never referenced
  	u8 aaa[2] = {0x01, 0x02};
..\USART1.c: 1 warning, 0 errors
compiling ADC.c...
compiling ht32f5xxxx_01_it.c...
compiling system_ht32f5xxxx_01.c...
compiling Motor.c...
compiling Control.c...
..\Control.h(12): warning:  #1-D: last line of file ends without a newline
  #endif
..\Delay.h(8): warning:  #1-D: last line of file ends without a newline
  #endif
..\Control.c: 2 warnings, 0 errors
compiling GPIO.c...
compiling ht32_retarget.c...
compiling GPTM0.c...
compiling ht32_serial.c...
compiling ht32_board.c...
compiling i2c_eeprom.c...
compiling ebi_lcd.c...
compiling spi_flash.c...
compiling ht32f5xxxx_adc.c...
compiling ht32f5xxxx_bftm.c...
compiling ht32f5xxxx_ckcu.c...
compiling ht32f5xxxx_flash.c...
compiling ht32f5xxxx_exti.c...
compiling ht32f5xxxx_gpio.c...
compiling ht32f5xxxx_i2c.c...
compiling ht32f5xxxx_pwrcu.c...
compiling ht32f5xxxx_rstcu.c...
compiling ht32f5xxxx_spi.c...
compiling ht32f5xxxx_wdt.c...
compiling ht32f5xxxx_usart.c...
compiling ht32f5xxxx_tm.c...
compiling ht32f5xxxx_crc.c...
compiling ht32_cm0plus_misc.c...
compiling ht32f5xxxx_mctm.c...
compiling ht32f5xxxx_rtc.c...
compiling ht32f5xxxx_sci.c...
compiling ht32f5xxxx_pdma.c...
compiling ht32f5xxxx_cmp.c...
compiling ht32f5xxxx_usbd.c...
compiling ht32f5xxxx_i2s.c...
compiling ht32f5xxxx_ebi.c...
linking...
Program Size: Code=4288 RO-data=32 RW-data=16 ZI-data=1632  
FromELF: creating hex file...
After Build - User command #1: fromelf --bin -o "D:\Heil\Heil_Program\ALOT-NPL智能育种箱\project\MDK_ARMv5\HT32\52352\HT32.axf.bin" "D:\Heil\Heil_Program\ALOT-NPL智能育种箱\project\MDK_ARMv5\HT32\52352\HT32.axf"
".\HT32\52352\HT32.axf" - 0 Error(s), 8 Warning(s).

<h2>Software Packages used:</h2>

Package Vendor: Holtek
                https://mcu.holtek.com.tw/pack/Holtek.HT32_DFP.1.0.54.pack
                Holtek.HT32_DFP.1.0.54
                Holtek HT32 Family Support

<h2>Collection of Component include folders:</h2>
  .\RTE\_HT32
  D:\keil\ARM\PACK\Holtek\HT32_DFP\1.0.54\ARM\INC\Holtek\HT32F5xxxx

<h2>Collection of Component Files used:</h2>
Build Time Elapsed:  00:00:03
</pre>
</body>
</html>
