<html>
<body>
<pre>
<h1>µVision Build Log</h1>
<h2>Tool Versions:</h2>
IDE-Version: ¦ÌVision V5.24.2.0
Copyright (C) 2017 ARM Ltd and ARM Germany GmbH. All rights reserved.
License Information: 1 1713297105@qq.com, 1, LIC=ATTQ1-CW03Q-2ZRW4-FYIQX-E8BHH-X5F8Q
 
Tool Versions:
Toolchain:       MDK-ARM Plus  Version: 5.24.1
Toolchain Path:  D:\keil\ARM\ARMCC\Bin
C Compiler:      Armcc.exe V5.06 update 5 (build 528)
Assembler:       Armasm.exe V5.06 update 5 (build 528)
Linker/Locator:  ArmLink.exe V5.06 update 5 (build 528)
Library Manager: ArmAr.exe V5.06 update 5 (build 528)
Hex Converter:   FromElf.exe V5.06 update 5 (build 528)
CPU DLL:         SARMCM3.DLL V5.24.1
Dialog DLL:      DCM.DLL V1.16.0.0
Target DLL:      STLink\ST-LINKIII-KEIL_SWO.dll V3.0.1.0
Dialog DLL:      TCM.DLL V1.32.0.0
 
<h2>Project:</h2>
E:\GITHUB\AIoT-Smart-Breeding-Box\src\control-STM32\Alot-NPL\Project.uvprojx
Project File Date:  05/24/2024

<h2>Output:</h2>
*** Using Compiler 'V5.06 update 5 (build 528)', folder: 'D:\keil\ARM\ARMCC\Bin'
Rebuild target 'Target 1'
assembling startup_stm32f10x_md.s...
compiling core_cm3.c...
compiling stm32f10x_dbgmcu.c...
compiling system_stm32f10x.c...
compiling stm32f10x_dac.c...
compiling stm32f10x_exti.c...
compiling stm32f10x_crc.c...
compiling stm32f10x_dma.c...
compiling stm32f10x_cec.c...
compiling stm32f10x_fsmc.c...
compiling stm32f10x_adc.c...
compiling misc.c...
compiling stm32f10x_gpio.c...
compiling stm32f10x_bkp.c...
compiling stm32f10x_can.c...
compiling stm32f10x_flash.c...
compiling stm32f10x_i2c.c...
compiling stm32f10x_iwdg.c...
compiling stm32f10x_pwr.c...
compiling stm32f10x_rcc.c...
compiling stm32f10x_rtc.c...
compiling stm32f10x_sdio.c...
compiling stm32f10x_spi.c...
compiling stm32f10x_usart.c...
compiling stm32f10x_wwdg.c...
compiling Delay.c...
compiling stm32f10x_tim.c...
compiling Key.c...
compiling LED.c...
compiling OLED.c...
compiling AD.c...
compiling Serial.c...
compiling Liquid.c...
compiling Control.c...
Hardware\Control.c(57): warning:  #177-D: variable "Water_Status"  was declared but never referenced
  	  int Water_Status = 0;
Hardware\Control.c(69): warning:  #177-D: variable "Fan_Status"  was declared but never referenced
  	  int Fan_Status = 0;
Hardware\Control.c(84): warning:  #177-D: variable "Light_Status"  was declared but never referenced
  	  int Light_Status = 0;
Hardware\Control.c(118): warning:  #223-D: function "memcpy" declared implicitly
      memcpy(Gas_information,Box_Configuration,54);
Hardware\Control.c: 4 warnings, 0 errors
compiling PWM.c...
compiling Gas.c...
Hardware\Gas.c(68): warning:  #177-D: variable "j"  was declared but never referenced
  		uint16_t j = 1;
Hardware\Gas.c(69): warning:  #177-D: variable "cash"  was declared but never referenced
  		uint16_t cash = 0;
Hardware\Gas.c(70): warning:  #177-D: variable "test"  was declared but never referenced
  		uint16_t test[16] = {0};
Hardware\Gas.c: 3 warnings, 0 errors
compiling U.c...
compiling Motor.c...
compiling main.c...
compiling stm32f10x_it.c...
linking...
Program Size: Code=6996 RO-data=268 RW-data=60 ZI-data=1788  
".\Objects\Project.axf" - 0 Error(s), 7 Warning(s).

<h2>Software Packages used:</h2>

Package Vendor: Keil
                http://www.keil.com/pack/Keil.STM32F1xx_DFP.2.2.0.pack
                Keil.STM32F1xx_DFP.2.2.0
                STMicroelectronics STM32F1 Series Device Support, Drivers and Examples

<h2>Collection of Component include folders:</h2>
  .\RTE\_Target_1
  D:\keil\ARM\PACK\Keil\STM32F1xx_DFP\2.2.0\Device\Include

<h2>Collection of Component Files used:</h2>
Build Time Elapsed:  00:00:02
</pre>
</body>
</html>
